// Jest Snapshot v1, https://goo.gl/fbAQLP

exports[`<AutocompleteTagBuilder /> should render <AutocompleteTagBuilder> component 1`] = `
<Component
  defaultValue={
    Array [
      "five",
    ]
  }
  suggestions={
    Array [
      "one",
      "two",
      "three",
    ]
  }
/>
`;
